<?xml version="1.0" encoding="utf-8"?>
<TestRun id="6ce97820-7d20-4958-9065-f1fb90846b5d" name="thais.silva@NOTE-MC330 2026-09-24 17:56:53" runUser="TAKENET\thais.silva" xmlns="http://microsoft.com/schemas/VisualStudio/TeamTest/2010">
  <Times creation="2026-09-24T17:56:53.9146618-03:00" queuing="2026-09-24T17:56:53.9146621-03:00" start="2026-09-24T17:56:52.3912365-03:00" finish="2026-09-24T17:56:53.9782930-03:00" />
  <TestSettings name="default" id="91957946-4974-46cc-85db-b41563502814">
    <Deployment runDeploymentRoot="thais.silva_NOTE-MC330_2026-09-24_17_56_53" />
  </TestSettings>
  <Results>
    <UnitTestResult executionId="28ee14c4-3bb6-4ae7-8fd6-f095d49b25cd" testId="95d200ea-3bf1-04de-8d8d-3e519febffd9" testName="RejectQuoteWithNoItems" computerName="NOTE-MC330" duration="00:00:00.0033679" startTime="2026-09-24T17:56:53.7913537-03:00" endTime="2026-09-24T17:56:53.7948660-03:00" testType="13cdc9d9-ddb5-4fa4-a97d-d965ccfc6d4b" outcome="Passed" testListId="8c84fa94-04c1-424b-9868-57a2d4851a1d" relativeResultsDirectory="28ee14c4-3bb6-4ae7-8fd6-f095d49b25cd">
      <Output>
        <StdOut>Given a customer "Customer F"&#xD;
-&gt; done: CreateQuoteSteps.GivenACustomer("Customer F") (0.0s)&#xD;
When I try to create the quote&#xD;
-&gt; done: CreateQuoteSteps.WhenITryToCreateTheQuote() (0.0s)&#xD;
Then the HTTP status should be 400&#xD;
-&gt; done: CreateQuoteSteps.ThenTheHttpStatusShouldBe(400) (0.0s)&#xD;
And the error response should contain "Customer or Items cannot be null or empty"&#xD;
-&gt; done: CreateQuoteSteps.ThenTheErrorResponseShouldContain("Customer or Items...") (0.0s)&#xD;
&#xD;
&#xD;
&#xD;
TestContext Messages:&#xD;
Given a customer "Customer F"&#xD;
-&gt; done: CreateQuoteSteps.GivenACustomer("Customer F") (0.0s)&#xD;
When I try to create the quote&#xD;
-&gt; done: CreateQuoteSteps.WhenITryToCreateTheQuote() (0.0s)&#xD;
Then the HTTP status should be 400&#xD;
-&gt; done: CreateQuoteSteps.ThenTheHttpStatusShouldBe(400) (0.0s)&#xD;
And the error response should contain "Customer or Items cannot be null or empty"&#xD;
-&gt; done: CreateQuoteSteps.ThenTheErrorResponseShouldContain("Customer or Items...") (0.0s)</StdOut>
      </Output>
    </UnitTestResult>
    <UnitTestResult executionId="c30bfb55-c03e-4f79-a3d9-098d5da4418b" testId="9378a571-20bd-4751-eed4-01299e277300" testName="SuccessfullyCreateANewQuoteWithOneItem (Customer A,Banana,3,5,15,)" computerName="NOTE-MC330" duration="00:00:00.0955251" startTime="2026-09-24T17:56:52.8743604-03:00" endTime="2026-09-24T17:56:53.7580134-03:00" testType="13cdc9d9-ddb5-4fa4-a97d-d965ccfc6d4b" outcome="Passed" testListId="8c84fa94-04c1-424b-9868-57a2d4851a1d" relativeResultsDirectory="c30bfb55-c03e-4f79-a3d9-098d5da4418b">
      <Output>
        <StdOut>-&gt; Loading plugin C:\Eurofins\QualityAssuranceTakeHome\Sources\Quote.Solution\QuoteAcceptanceTests\bin\Debug\net8.0\Reqnroll.MSTest.ReqnrollPlugin.dll&#xD;
-&gt; Loading plugin C:\Eurofins\QualityAssuranceTakeHome\Sources\Quote.Solution\QuoteAcceptanceTests\bin\Debug\net8.0\QuoteAcceptanceTests.dll&#xD;
-&gt; Using default config&#xD;
Given a customer "Customer A"&#xD;
-&gt; done: CreateQuoteSteps.GivenACustomer("Customer A") (0.0s)&#xD;
And an item "Banana" with quantity 3 and unitary price 5&#xD;
-&gt; done: CreateQuoteSteps.GivenAnItem("Banana", 3, 5) (0.0s)&#xD;
When I create the quote&#xD;
-&gt; done: CreateQuoteSteps.WhenICreateTheQuote() (0.1s)&#xD;
Then the line price should be 15&#xD;
-&gt; done: CreateQuoteSteps.ThenTheLinePriceShouldBe(15) (0.0s)&#xD;
And the confirmation message should be "Quote created successfully."&#xD;
-&gt; done: CreateQuoteSteps.ThenTheConfirmationMessageShouldBe("Quote created suc...") (0.0s)&#xD;
&#xD;
&#xD;
&#xD;
TestContext Messages:&#xD;
Given a customer "Customer A"&#xD;
-&gt; done: CreateQuoteSteps.GivenACustomer("Customer A") (0.0s)&#xD;
And an item "Banana" with quantity 3 and unitary price 5&#xD;
-&gt; done: CreateQuoteSteps.GivenAnItem("Banana", 3, 5) (0.0s)&#xD;
When I create the quote&#xD;
-&gt; done: CreateQuoteSteps.WhenICreateTheQuote() (0.1s)&#xD;
Then the line price should be 15&#xD;
-&gt; done: CreateQuoteSteps.ThenTheLinePriceShouldBe(15) (0.0s)&#xD;
And the confirmation message should be "Quote created successfully."&#xD;
-&gt; done: CreateQuoteSteps.ThenTheConfirmationMessageShouldBe("Quote created suc...") (0.0s)</StdOut>
      </Output>
    </UnitTestResult>
    <UnitTestResult executionId="42aa8a5d-72c0-44b7-99fb-09458600f1e8" testId="d06ce2b1-4175-7b37-4ffb-c55c4a562b1e" testName="RejectQuoteWithEmptyItemName" computerName="NOTE-MC330" duration="00:00:00.0121123" startTime="2026-09-24T17:56:53.7949295-03:00" endTime="2026-09-24T17:56:53.8074142-03:00" testType="13cdc9d9-ddb5-4fa4-a97d-d965ccfc6d4b" outcome="Failed" testListId="8c84fa94-04c1-424b-9868-57a2d4851a1d" relativeResultsDirectory="42aa8a5d-72c0-44b7-99fb-09458600f1e8">
      <Output>
        <StdOut>Given a customer "Customer G"&#xD;
-&gt; done: CreateQuoteSteps.GivenACustomer("Customer G") (0.0s)&#xD;
And an item "" with quantity 1 and unitary price 5&#xD;
-&gt; done: CreateQuoteSteps.GivenAnItem("", 1, 5) (0.0s)&#xD;
When I try to create the quote&#xD;
-&gt; done: CreateQuoteSteps.WhenITryToCreateTheQuote() (0.0s)&#xD;
Then the HTTP status should be 400&#xD;
-&gt; error: Assert.AreEqual falhou. Esperado:&lt;400&gt;. Real:&lt;200&gt;.  (0.0s)&#xD;
&#xD;
&#xD;
&#xD;
TestContext Messages:&#xD;
Given a customer "Customer G"&#xD;
-&gt; done: CreateQuoteSteps.GivenACustomer("Customer G") (0.0s)&#xD;
And an item "" with quantity 1 and unitary price 5&#xD;
-&gt; done: CreateQuoteSteps.GivenAnItem("", 1, 5) (0.0s)&#xD;
When I try to create the quote&#xD;
-&gt; done: CreateQuoteSteps.WhenITryToCreateTheQuote() (0.0s)&#xD;
Then the HTTP status should be 400&#xD;
-&gt; error: Assert.AreEqual falhou. Esperado:&lt;400&gt;. Real:&lt;200&gt;.  (0.0s)</StdOut>
        <ErrorInfo>
          <Message>Assert.AreEqual falhou. Esperado:&lt;400&gt;. Real:&lt;200&gt;. </Message>
          <StackTrace>   at QuoteAcceptanceTests.StepDefinitions.CreateQuoteSteps.ThenTheHttpStatusShouldBe(Int32 expectedStatus) in C:\Eurofins\QualityAssuranceTakeHome\Sources\Quote.Solution\QuoteAcceptanceTests\StepDefinitions\CreateQuoteSteps.cs:line 209&#xD;
   at InvokeStub_Action`2.Invoke(Object, Span`1)&#xD;
   at System.Reflection.MethodBaseInvoker.InvokeWithFewArgs(Object obj, BindingFlags invokeAttr, Binder binder, Object[] parameters, CultureInfo culture)&#xD;
--- End of stack trace from previous location ---&#xD;
   at Reqnroll.Bindings.BindingInvoker.InvokeBindingAsync(IBinding binding, IContextManager contextManager, Object[] arguments, ITestTracer testTracer, DurationHolder durationHolder)&#xD;
   at Reqnroll.Infrastructure.TestExecutionEngine.ExecuteStepMatchAsync(BindingMatch match, Object[] arguments, DurationHolder durationHolder)&#xD;
   at Reqnroll.Infrastructure.TestExecutionEngine.ExecuteStepAsync(IContextManager contextManager, StepInstance stepInstance)&#xD;
   at Reqnroll.Infrastructure.TestExecutionEngine.OnAfterLastStepAsync()&#xD;
   at Reqnroll.TestRunner.CollectScenarioErrorsAsync()&#xD;
   at QuoteAcceptanceTests.Features.CreateQuoteFeature.ScenarioCleanupAsync()&#xD;
   at QuoteAcceptanceTests.Features.CreateQuoteFeature.RejectQuoteWithEmptyItemName() in C:\Eurofins\QualityAssuranceTakeHome\Sources\Quote.Solution\QuoteAcceptanceTests\Features\CreateQuote.feature:line 84&#xD;
</StackTrace>
        </ErrorInfo>
      </Output>
    </UnitTestResult>
    <UnitTestResult executionId="6595e8a6-9213-4223-9eeb-d7c24b21e2f5" testId="84517ab1-9183-c601-1690-ec5bda715a0d" testName="SuccessfullyCreateANewQuoteWithOneItem (Customer B,Milk,2,10,20,)" computerName="NOTE-MC330" duration="00:00:00.0049384" startTime="2026-09-24T17:56:53.7625679-03:00" endTime="2026-09-24T17:56:53.7677350-03:00" testType="13cdc9d9-ddb5-4fa4-a97d-d965ccfc6d4b" outcome="Passed" testListId="8c84fa94-04c1-424b-9868-57a2d4851a1d" relativeResultsDirectory="6595e8a6-9213-4223-9eeb-d7c24b21e2f5">
      <Output>
        <StdOut>Given a customer "Customer B"&#xD;
-&gt; done: CreateQuoteSteps.GivenACustomer("Customer B") (0.0s)&#xD;
And an item "Milk" with quantity 2 and unitary price 10&#xD;
-&gt; done: CreateQuoteSteps.GivenAnItem("Milk", 2, 10) (0.0s)&#xD;
When I create the quote&#xD;
-&gt; done: CreateQuoteSteps.WhenICreateTheQuote() (0.0s)&#xD;
Then the line price should be 20&#xD;
-&gt; done: CreateQuoteSteps.ThenTheLinePriceShouldBe(20) (0.0s)&#xD;
And the confirmation message should be "Quote created successfully."&#xD;
-&gt; done: CreateQuoteSteps.ThenTheConfirmationMessageShouldBe("Quote created suc...") (0.0s)&#xD;
&#xD;
&#xD;
&#xD;
TestContext Messages:&#xD;
Given a customer "Customer B"&#xD;
-&gt; done: CreateQuoteSteps.GivenACustomer("Customer B") (0.0s)&#xD;
And an item "Milk" with quantity 2 and unitary price 10&#xD;
-&gt; done: CreateQuoteSteps.GivenAnItem("Milk", 2, 10) (0.0s)&#xD;
When I create the quote&#xD;
-&gt; done: CreateQuoteSteps.WhenICreateTheQuote() (0.0s)&#xD;
Then the line price should be 20&#xD;
-&gt; done: CreateQuoteSteps.ThenTheLinePriceShouldBe(20) (0.0s)&#xD;
And the confirmation message should be "Quote created successfully."&#xD;
-&gt; done: CreateQuoteSteps.ThenTheConfirmationMessageShouldBe("Quote created suc...") (0.0s)</StdOut>
      </Output>
    </UnitTestResult>
    <UnitTestResult executionId="51e24818-df28-44f9-9584-a85458c3736c" testId="27ad4e40-da18-2957-631d-3ff19adb554b" testName="AbleToAccessIsAlivePageWhileTheServiceIsRunning" computerName="NOTE-MC330" duration="00:00:00.0078127" startTime="2026-09-24T17:56:53.8925136-03:00" endTime="2026-09-24T17:56:53.9049118-03:00" testType="13cdc9d9-ddb5-4fa4-a97d-d965ccfc6d4b" outcome="Passed" testListId="8c84fa94-04c1-424b-9868-57a2d4851a1d" relativeResultsDirectory="51e24818-df28-44f9-9584-a85458c3736c">
      <Output>
        <StdOut>Given the Quote Service Running&#xD;
-&gt; done: IsAliveSteps.GivenTheQuoteServiceRunning() (0.0s)&#xD;
When I check if it is alive&#xD;
-&gt; done: IsAliveSteps.WhenICallIsAlive() (0.0s)&#xD;
Then it returns OK (http 200)&#xD;
-&gt; done: IsAliveSteps.ThenItReturnsOk(200) (0.0s)&#xD;
&#xD;
&#xD;
&#xD;
TestContext Messages:&#xD;
Given the Quote Service Running&#xD;
-&gt; done: IsAliveSteps.GivenTheQuoteServiceRunning() (0.0s)&#xD;
When I check if it is alive&#xD;
-&gt; done: IsAliveSteps.WhenICallIsAlive() (0.0s)&#xD;
Then it returns OK (http 200)&#xD;
-&gt; done: IsAliveSteps.ThenItReturnsOk(200) (0.0s)</StdOut>
      </Output>
    </UnitTestResult>
    <UnitTestResult executionId="a2012e2b-8908-4ec7-8f87-6ef928cdacc3" testId="e1bb1a55-1b5c-bad3-9cc9-3c65932855b5" testName="SuccessfullyCreateAQuoteWithMultipleItemsIncludingDiscount (Customer E,Notebook,2,100,0.10,Mouse,1,50,230,)" computerName="NOTE-MC330" duration="00:00:00.0044072" startTime="2026-09-24T17:56:53.7798749-03:00" endTime="2026-09-24T17:56:53.7845530-03:00" testType="13cdc9d9-ddb5-4fa4-a97d-d965ccfc6d4b" outcome="Passed" testListId="8c84fa94-04c1-424b-9868-57a2d4851a1d" relativeResultsDirectory="a2012e2b-8908-4ec7-8f87-6ef928cdacc3">
      <Output>
        <StdOut>Given a customer "Customer E"&#xD;
-&gt; done: CreateQuoteSteps.GivenACustomer("Customer E") (0.0s)&#xD;
And an item "Notebook" with quantity 2, unitary price 100 and discount 0.10&#xD;
-&gt; done: CreateQuoteSteps.GivenAnItemWithDiscount("Notebook", 2, 100, 0.1) (0.0s)&#xD;
And an item "Mouse" with quantity 1 and unitary price 50&#xD;
-&gt; done: CreateQuoteSteps.GivenAnItem("Mouse", 1, 50) (0.0s)&#xD;
When I create the quote&#xD;
-&gt; done: CreateQuoteSteps.WhenICreateTheQuote() (0.0s)&#xD;
Then the quote should contain 2 lines&#xD;
-&gt; done: CreateQuoteSteps.ThenTheQuoteShouldContainLines(2) (0.0s)&#xD;
And the total price should be 230&#xD;
-&gt; done: CreateQuoteSteps.ThenTheTotalPriceShouldBe(230) (0.0s)&#xD;
And the confirmation message should be "Quote created successfully."&#xD;
-&gt; done: CreateQuoteSteps.ThenTheConfirmationMessageShouldBe("Quote created suc...") (0.0s)&#xD;
&#xD;
&#xD;
&#xD;
TestContext Messages:&#xD;
Given a customer "Customer E"&#xD;
-&gt; done: CreateQuoteSteps.GivenACustomer("Customer E") (0.0s)&#xD;
And an item "Notebook" with quantity 2, unitary price 100 and discount 0.10&#xD;
-&gt; done: CreateQuoteSteps.GivenAnItemWithDiscount("Notebook", 2, 100, 0.1) (0.0s)&#xD;
And an item "Mouse" with quantity 1 and unitary price 50&#xD;
-&gt; done: CreateQuoteSteps.GivenAnItem("Mouse", 1, 50) (0.0s)&#xD;
When I create the quote&#xD;
-&gt; done: CreateQuoteSteps.WhenICreateTheQuote() (0.0s)&#xD;
Then the quote should contain 2 lines&#xD;
-&gt; done: CreateQuoteSteps.ThenTheQuoteShouldContainLines(2) (0.0s)&#xD;
And the total price should be 230&#xD;
-&gt; done: CreateQuoteSteps.ThenTheTotalPriceShouldBe(230) (0.0s)&#xD;
And the confirmation message should be "Quote created successfully."&#xD;
-&gt; done: CreateQuoteSteps.ThenTheConfirmationMessageShouldBe("Quote created suc...") (0.0s)</StdOut>
      </Output>
    </UnitTestResult>
    <UnitTestResult executionId="e822ef5c-2c86-4881-a360-92bc46532609" testId="45976fd1-d5a5-f6bb-4798-022c13b1c3e0" testName="SuccessfullyCreateANewQuoteWithOneItemWithDiscount (Customer C,Notebook,2,100,0.10,20,180,)" computerName="NOTE-MC330" duration="00:00:00.0053880" startTime="2026-09-24T17:56:53.7680422-03:00" endTime="2026-09-24T17:56:53.7736428-03:00" testType="13cdc9d9-ddb5-4fa4-a97d-d965ccfc6d4b" outcome="Passed" testListId="8c84fa94-04c1-424b-9868-57a2d4851a1d" relativeResultsDirectory="e822ef5c-2c86-4881-a360-92bc46532609">
      <Output>
        <StdOut>Given a customer "Customer C"&#xD;
-&gt; done: CreateQuoteSteps.GivenACustomer("Customer C") (0.0s)&#xD;
And an item "Notebook" with quantity 2, unitary price 100 and discount 0.10&#xD;
-&gt; done: CreateQuoteSteps.GivenAnItemWithDiscount("Notebook", 2, 100, 0.1) (0.0s)&#xD;
When I create the quote&#xD;
-&gt; done: CreateQuoteSteps.WhenICreateTheQuote() (0.0s)&#xD;
Then the discount amount should be 20&#xD;
-&gt; done: CreateQuoteSteps.ThenTheDiscountAmountShouldBe(20) (0.0s)&#xD;
And the line price should be 180&#xD;
-&gt; done: CreateQuoteSteps.ThenTheLinePriceShouldBe(180) (0.0s)&#xD;
And the confirmation message should be "Quote created successfully."&#xD;
-&gt; done: CreateQuoteSteps.ThenTheConfirmationMessageShouldBe("Quote created suc...") (0.0s)&#xD;
&#xD;
&#xD;
&#xD;
TestContext Messages:&#xD;
Given a customer "Customer C"&#xD;
-&gt; done: CreateQuoteSteps.GivenACustomer("Customer C") (0.0s)&#xD;
And an item "Notebook" with quantity 2, unitary price 100 and discount 0.10&#xD;
-&gt; done: CreateQuoteSteps.GivenAnItemWithDiscount("Notebook", 2, 100, 0.1) (0.0s)&#xD;
When I create the quote&#xD;
-&gt; done: CreateQuoteSteps.WhenICreateTheQuote() (0.0s)&#xD;
Then the discount amount should be 20&#xD;
-&gt; done: CreateQuoteSteps.ThenTheDiscountAmountShouldBe(20) (0.0s)&#xD;
And the line price should be 180&#xD;
-&gt; done: CreateQuoteSteps.ThenTheLinePriceShouldBe(180) (0.0s)&#xD;
And the confirmation message should be "Quote created successfully."&#xD;
-&gt; done: CreateQuoteSteps.ThenTheConfirmationMessageShouldBe("Quote created suc...") (0.0s)</StdOut>
      </Output>
    </UnitTestResult>
    <UnitTestResult executionId="44d85e34-1072-4274-95c6-64f0d6ab010a" testId="f66610a1-9fc1-2fc2-3ba8-16e7cadc4bc6" testName="RejectQuoteWithNegativeUnitaryPrice" computerName="NOTE-MC330" duration="00:00:00.0052328" startTime="2026-09-24T17:56:53.8433609-03:00" endTime="2026-09-24T17:56:53.8489326-03:00" testType="13cdc9d9-ddb5-4fa4-a97d-d965ccfc6d4b" outcome="Failed" testListId="8c84fa94-04c1-424b-9868-57a2d4851a1d" relativeResultsDirectory="44d85e34-1072-4274-95c6-64f0d6ab010a">
      <Output>
        <StdOut>Given a customer "Customer I"&#xD;
-&gt; done: CreateQuoteSteps.GivenACustomer("Customer I") (0.0s)&#xD;
And an item "Banana" with quantity 1 and unitary price -5&#xD;
-&gt; done: CreateQuoteSteps.GivenAnItem("Banana", 1, -5) (0.0s)&#xD;
When I try to create the quote&#xD;
-&gt; done: CreateQuoteSteps.WhenITryToCreateTheQuote() (0.0s)&#xD;
Then the HTTP status should be 400&#xD;
-&gt; error: Assert.AreEqual falhou. Esperado:&lt;400&gt;. Real:&lt;200&gt;.  (0.0s)&#xD;
&#xD;
&#xD;
&#xD;
TestContext Messages:&#xD;
Given a customer "Customer I"&#xD;
-&gt; done: CreateQuoteSteps.GivenACustomer("Customer I") (0.0s)&#xD;
And an item "Banana" with quantity 1 and unitary price -5&#xD;
-&gt; done: CreateQuoteSteps.GivenAnItem("Banana", 1, -5) (0.0s)&#xD;
When I try to create the quote&#xD;
-&gt; done: CreateQuoteSteps.WhenITryToCreateTheQuote() (0.0s)&#xD;
Then the HTTP status should be 400&#xD;
-&gt; error: Assert.AreEqual falhou. Esperado:&lt;400&gt;. Real:&lt;200&gt;.  (0.0s)</StdOut>
        <ErrorInfo>
          <Message>Assert.AreEqual falhou. Esperado:&lt;400&gt;. Real:&lt;200&gt;. </Message>
          <StackTrace>   at QuoteAcceptanceTests.StepDefinitions.CreateQuoteSteps.ThenTheHttpStatusShouldBe(Int32 expectedStatus) in C:\Eurofins\QualityAssuranceTakeHome\Sources\Quote.Solution\QuoteAcceptanceTests\StepDefinitions\CreateQuoteSteps.cs:line 209&#xD;
   at InvokeStub_Action`2.Invoke(Object, Span`1)&#xD;
   at System.Reflection.MethodBaseInvoker.InvokeWithFewArgs(Object obj, BindingFlags invokeAttr, Binder binder, Object[] parameters, CultureInfo culture)&#xD;
--- End of stack trace from previous location ---&#xD;
   at Reqnroll.Bindings.BindingInvoker.InvokeBindingAsync(IBinding binding, IContextManager contextManager, Object[] arguments, ITestTracer testTracer, DurationHolder durationHolder)&#xD;
   at Reqnroll.Infrastructure.TestExecutionEngine.ExecuteStepMatchAsync(BindingMatch match, Object[] arguments, DurationHolder durationHolder)&#xD;
   at Reqnroll.Infrastructure.TestExecutionEngine.ExecuteStepAsync(IContextManager contextManager, StepInstance stepInstance)&#xD;
   at Reqnroll.Infrastructure.TestExecutionEngine.OnAfterLastStepAsync()&#xD;
   at Reqnroll.TestRunner.CollectScenarioErrorsAsync()&#xD;
   at QuoteAcceptanceTests.Features.CreateQuoteFeature.ScenarioCleanupAsync()&#xD;
   at QuoteAcceptanceTests.Features.CreateQuoteFeature.RejectQuoteWithNegativeUnitaryPrice() in C:\Eurofins\QualityAssuranceTakeHome\Sources\Quote.Solution\QuoteAcceptanceTests\Features\CreateQuote.feature:line 100&#xD;
</StackTrace>
        </ErrorInfo>
      </Output>
    </UnitTestResult>
    <UnitTestResult executionId="b0a405e9-c970-44ad-8adb-551985c02e98" testId="f5d6b42b-4c89-1761-68dd-53a865bffc36" testName="RejectQuoteWithEmptyCustomer" computerName="NOTE-MC330" duration="00:00:00.0055931" startTime="2026-09-24T17:56:53.7846162-03:00" endTime="2026-09-24T17:56:53.7912888-03:00" testType="13cdc9d9-ddb5-4fa4-a97d-d965ccfc6d4b" outcome="Passed" testListId="8c84fa94-04c1-424b-9868-57a2d4851a1d" relativeResultsDirectory="b0a405e9-c970-44ad-8adb-551985c02e98">
      <Output>
        <StdOut>Given a customer ""&#xD;
-&gt; done: CreateQuoteSteps.GivenACustomer("") (0.0s)&#xD;
And an item "Banana" with quantity 1 and unitary price 5&#xD;
-&gt; done: CreateQuoteSteps.GivenAnItem("Banana", 1, 5) (0.0s)&#xD;
When I try to create the quote&#xD;
-&gt; done: CreateQuoteSteps.WhenITryToCreateTheQuote() (0.0s)&#xD;
Then the HTTP status should be 400&#xD;
-&gt; done: CreateQuoteSteps.ThenTheHttpStatusShouldBe(400) (0.0s)&#xD;
And the error response should contain "Customer or Items cannot be null or empty"&#xD;
-&gt; done: CreateQuoteSteps.ThenTheErrorResponseShouldContain("Customer or Items...") (0.0s)&#xD;
&#xD;
&#xD;
&#xD;
TestContext Messages:&#xD;
Given a customer ""&#xD;
-&gt; done: CreateQuoteSteps.GivenACustomer("") (0.0s)&#xD;
And an item "Banana" with quantity 1 and unitary price 5&#xD;
-&gt; done: CreateQuoteSteps.GivenAnItem("Banana", 1, 5) (0.0s)&#xD;
When I try to create the quote&#xD;
-&gt; done: CreateQuoteSteps.WhenITryToCreateTheQuote() (0.0s)&#xD;
Then the HTTP status should be 400&#xD;
-&gt; done: CreateQuoteSteps.ThenTheHttpStatusShouldBe(400) (0.0s)&#xD;
And the error response should contain "Customer or Items cannot be null or empty"&#xD;
-&gt; done: CreateQuoteSteps.ThenTheErrorResponseShouldContain("Customer or Items...") (0.0s)</StdOut>
      </Output>
    </UnitTestResult>
    <UnitTestResult executionId="be530c95-a5f7-4bb8-baa0-bd16037a818f" testId="64a1b224-85e2-a446-e140-23058bb7f166" testName="RejectQuoteWithDiscountGreaterThan100Percent" computerName="NOTE-MC330" duration="00:00:00.0097160" startTime="2026-09-24T17:56:53.8489991-03:00" endTime="2026-09-24T17:56:53.8588771-03:00" testType="13cdc9d9-ddb5-4fa4-a97d-d965ccfc6d4b" outcome="Failed" testListId="8c84fa94-04c1-424b-9868-57a2d4851a1d" relativeResultsDirectory="be530c95-a5f7-4bb8-baa0-bd16037a818f">
      <Output>
        <StdOut>Given a customer "Customer J"&#xD;
-&gt; done: CreateQuoteSteps.GivenACustomer("Customer J") (0.0s)&#xD;
And an item "Notebook" with quantity 1, unitary price 100 and discount 1.10&#xD;
-&gt; done: CreateQuoteSteps.GivenAnItemWithDiscount("Notebook", 1, 100, 1.1) (0.0s)&#xD;
When I try to create the quote&#xD;
-&gt; done: CreateQuoteSteps.WhenITryToCreateTheQuote() (0.0s)&#xD;
Then the HTTP status should be 400&#xD;
-&gt; error: Assert.AreEqual falhou. Esperado:&lt;400&gt;. Real:&lt;200&gt;.  (0.0s)&#xD;
&#xD;
&#xD;
&#xD;
TestContext Messages:&#xD;
Given a customer "Customer J"&#xD;
-&gt; done: CreateQuoteSteps.GivenACustomer("Customer J") (0.0s)&#xD;
And an item "Notebook" with quantity 1, unitary price 100 and discount 1.10&#xD;
-&gt; done: CreateQuoteSteps.GivenAnItemWithDiscount("Notebook", 1, 100, 1.1) (0.0s)&#xD;
When I try to create the quote&#xD;
-&gt; done: CreateQuoteSteps.WhenITryToCreateTheQuote() (0.0s)&#xD;
Then the HTTP status should be 400&#xD;
-&gt; error: Assert.AreEqual falhou. Esperado:&lt;400&gt;. Real:&lt;200&gt;.  (0.0s)</StdOut>
        <ErrorInfo>
          <Message>Assert.AreEqual falhou. Esperado:&lt;400&gt;. Real:&lt;200&gt;. </Message>
          <StackTrace>   at QuoteAcceptanceTests.StepDefinitions.CreateQuoteSteps.ThenTheHttpStatusShouldBe(Int32 expectedStatus) in C:\Eurofins\QualityAssuranceTakeHome\Sources\Quote.Solution\QuoteAcceptanceTests\StepDefinitions\CreateQuoteSteps.cs:line 209&#xD;
   at InvokeStub_Action`2.Invoke(Object, Span`1)&#xD;
   at System.Reflection.MethodBaseInvoker.InvokeWithFewArgs(Object obj, BindingFlags invokeAttr, Binder binder, Object[] parameters, CultureInfo culture)&#xD;
--- End of stack trace from previous location ---&#xD;
   at Reqnroll.Bindings.BindingInvoker.InvokeBindingAsync(IBinding binding, IContextManager contextManager, Object[] arguments, ITestTracer testTracer, DurationHolder durationHolder)&#xD;
   at Reqnroll.Infrastructure.TestExecutionEngine.ExecuteStepMatchAsync(BindingMatch match, Object[] arguments, DurationHolder durationHolder)&#xD;
   at Reqnroll.Infrastructure.TestExecutionEngine.ExecuteStepAsync(IContextManager contextManager, StepInstance stepInstance)&#xD;
   at Reqnroll.Infrastructure.TestExecutionEngine.OnAfterLastStepAsync()&#xD;
   at Reqnroll.TestRunner.CollectScenarioErrorsAsync()&#xD;
   at QuoteAcceptanceTests.Features.CreateQuoteFeature.ScenarioCleanupAsync()&#xD;
   at QuoteAcceptanceTests.Features.CreateQuoteFeature.RejectQuoteWithDiscountGreaterThan100Percent() in C:\Eurofins\QualityAssuranceTakeHome\Sources\Quote.Solution\QuoteAcceptanceTests\Features\CreateQuote.feature:line 108&#xD;
</StackTrace>
        </ErrorInfo>
      </Output>
    </UnitTestResult>
    <UnitTestResult executionId="35357c3d-da38-4158-80de-c85c6f409246" testId="a5f318cb-2718-a5de-15ec-6e4b18fe3b14" testName="RejectQuoteWithNegativeDiscount" computerName="NOTE-MC330" duration="00:00:00.0045573" startTime="2026-09-24T17:56:53.8694603-03:00" endTime="2026-09-24T17:56:53.8741591-03:00" testType="13cdc9d9-ddb5-4fa4-a97d-d965ccfc6d4b" outcome="Failed" testListId="8c84fa94-04c1-424b-9868-57a2d4851a1d" relativeResultsDirectory="35357c3d-da38-4158-80de-c85c6f409246">
      <Output>
        <StdOut>Given a customer "Customer M"&#xD;
-&gt; done: CreateQuoteSteps.GivenACustomer("Customer M") (0.0s)&#xD;
And an item "Notebook" with quantity 1, unitary price 100 and discount -0.10&#xD;
-&gt; done: CreateQuoteSteps.GivenAnItemWithDiscount("Notebook", 1, 100, -0.1) (0.0s)&#xD;
When I try to create the quote&#xD;
-&gt; done: CreateQuoteSteps.WhenITryToCreateTheQuote() (0.0s)&#xD;
Then the HTTP status should be 400&#xD;
-&gt; error: Assert.AreEqual falhou. Esperado:&lt;400&gt;. Real:&lt;200&gt;.  (0.0s)&#xD;
&#xD;
&#xD;
&#xD;
TestContext Messages:&#xD;
Given a customer "Customer M"&#xD;
-&gt; done: CreateQuoteSteps.GivenACustomer("Customer M") (0.0s)&#xD;
And an item "Notebook" with quantity 1, unitary price 100 and discount -0.10&#xD;
-&gt; done: CreateQuoteSteps.GivenAnItemWithDiscount("Notebook", 1, 100, -0.1) (0.0s)&#xD;
When I try to create the quote&#xD;
-&gt; done: CreateQuoteSteps.WhenITryToCreateTheQuote() (0.0s)&#xD;
Then the HTTP status should be 400&#xD;
-&gt; error: Assert.AreEqual falhou. Esperado:&lt;400&gt;. Real:&lt;200&gt;.  (0.0s)</StdOut>
        <ErrorInfo>
          <Message>Assert.AreEqual falhou. Esperado:&lt;400&gt;. Real:&lt;200&gt;. </Message>
          <StackTrace>   at QuoteAcceptanceTests.StepDefinitions.CreateQuoteSteps.ThenTheHttpStatusShouldBe(Int32 expectedStatus) in C:\Eurofins\QualityAssuranceTakeHome\Sources\Quote.Solution\QuoteAcceptanceTests\StepDefinitions\CreateQuoteSteps.cs:line 209&#xD;
   at InvokeStub_Action`2.Invoke(Object, Span`1)&#xD;
   at System.Reflection.MethodBaseInvoker.InvokeWithFewArgs(Object obj, BindingFlags invokeAttr, Binder binder, Object[] parameters, CultureInfo culture)&#xD;
--- End of stack trace from previous location ---&#xD;
   at Reqnroll.Bindings.BindingInvoker.InvokeBindingAsync(IBinding binding, IContextManager contextManager, Object[] arguments, ITestTracer testTracer, DurationHolder durationHolder)&#xD;
   at Reqnroll.Infrastructure.TestExecutionEngine.ExecuteStepMatchAsync(BindingMatch match, Object[] arguments, DurationHolder durationHolder)&#xD;
   at Reqnroll.Infrastructure.TestExecutionEngine.ExecuteStepAsync(IContextManager contextManager, StepInstance stepInstance)&#xD;
   at Reqnroll.Infrastructure.TestExecutionEngine.OnAfterLastStepAsync()&#xD;
   at Reqnroll.TestRunner.CollectScenarioErrorsAsync()&#xD;
   at QuoteAcceptanceTests.Features.CreateQuoteFeature.ScenarioCleanupAsync()&#xD;
   at QuoteAcceptanceTests.Features.CreateQuoteFeature.RejectQuoteWithNegativeDiscount() in C:\Eurofins\QualityAssuranceTakeHome\Sources\Quote.Solution\QuoteAcceptanceTests\Features\CreateQuote.feature:line 135&#xD;
</StackTrace>
        </ErrorInfo>
      </Output>
    </UnitTestResult>
    <UnitTestResult executionId="fe601ad5-5acf-4032-aef8-dbe9d23f2f5d" testId="d3e17d0d-d4b0-0dec-d651-485a67d44be1" testName="SuccessfullyCreateAQuoteWith100PercentDiscount" computerName="NOTE-MC330" duration="00:00:00.0053833" startTime="2026-09-24T17:56:53.8589510-03:00" endTime="2026-09-24T17:56:53.8645547-03:00" testType="13cdc9d9-ddb5-4fa4-a97d-d965ccfc6d4b" outcome="Passed" testListId="8c84fa94-04c1-424b-9868-57a2d4851a1d" relativeResultsDirectory="fe601ad5-5acf-4032-aef8-dbe9d23f2f5d">
      <Output>
        <StdOut>Given a customer "Customer K"&#xD;
-&gt; done: CreateQuoteSteps.GivenACustomer("Customer K") (0.0s)&#xD;
And an item "Notebook" with quantity 1, unitary price 100 and discount 1.00&#xD;
-&gt; done: CreateQuoteSteps.GivenAnItemWithDiscount("Notebook", 1, 100, 1) (0.0s)&#xD;
When I create the quote&#xD;
-&gt; done: CreateQuoteSteps.WhenICreateTheQuote() (0.0s)&#xD;
Then the discount amount should be 100&#xD;
-&gt; done: CreateQuoteSteps.ThenTheDiscountAmountShouldBe(100) (0.0s)&#xD;
And the line price should be 0&#xD;
-&gt; done: CreateQuoteSteps.ThenTheLinePriceShouldBe(0) (0.0s)&#xD;
And the total price should be 0&#xD;
-&gt; done: CreateQuoteSteps.ThenTheTotalPriceShouldBe(0) (0.0s)&#xD;
And the confirmation message should be "Quote created successfully."&#xD;
-&gt; done: CreateQuoteSteps.ThenTheConfirmationMessageShouldBe("Quote created suc...") (0.0s)&#xD;
&#xD;
&#xD;
&#xD;
TestContext Messages:&#xD;
Given a customer "Customer K"&#xD;
-&gt; done: CreateQuoteSteps.GivenACustomer("Customer K") (0.0s)&#xD;
And an item "Notebook" with quantity 1, unitary price 100 and discount 1.00&#xD;
-&gt; done: CreateQuoteSteps.GivenAnItemWithDiscount("Notebook", 1, 100, 1) (0.0s)&#xD;
When I create the quote&#xD;
-&gt; done: CreateQuoteSteps.WhenICreateTheQuote() (0.0s)&#xD;
Then the discount amount should be 100&#xD;
-&gt; done: CreateQuoteSteps.ThenTheDiscountAmountShouldBe(100) (0.0s)&#xD;
And the line price should be 0&#xD;
-&gt; done: CreateQuoteSteps.ThenTheLinePriceShouldBe(0) (0.0s)&#xD;
And the total price should be 0&#xD;
-&gt; done: CreateQuoteSteps.ThenTheTotalPriceShouldBe(0) (0.0s)&#xD;
And the confirmation message should be "Quote created successfully."&#xD;
-&gt; done: CreateQuoteSteps.ThenTheConfirmationMessageShouldBe("Quote created suc...") (0.0s)</StdOut>
      </Output>
    </UnitTestResult>
    <UnitTestResult executionId="66b9fc05-4def-48a2-af30-35bccc8e60d3" testId="0659643b-56ba-01f9-ea00-af009878998f" testName="RejectQuoteWithNegativeItemQuantity" computerName="NOTE-MC330" duration="00:00:00.0047115" startTime="2026-09-24T17:56:53.8075281-03:00" endTime="2026-09-24T17:56:53.8123911-03:00" testType="13cdc9d9-ddb5-4fa4-a97d-d965ccfc6d4b" outcome="Failed" testListId="8c84fa94-04c1-424b-9868-57a2d4851a1d" relativeResultsDirectory="66b9fc05-4def-48a2-af30-35bccc8e60d3">
      <Output>
        <StdOut>Given a customer "Customer H"&#xD;
-&gt; done: CreateQuoteSteps.GivenACustomer("Customer H") (0.0s)&#xD;
And an item "Banana" with quantity -1 and unitary price 5&#xD;
-&gt; done: CreateQuoteSteps.GivenAnItem("Banana", -1, 5) (0.0s)&#xD;
When I try to create the quote&#xD;
-&gt; done: CreateQuoteSteps.WhenITryToCreateTheQuote() (0.0s)&#xD;
Then the HTTP status should be 400&#xD;
-&gt; error: Assert.AreEqual falhou. Esperado:&lt;400&gt;. Real:&lt;200&gt;.  (0.0s)&#xD;
&#xD;
&#xD;
&#xD;
TestContext Messages:&#xD;
Given a customer "Customer H"&#xD;
-&gt; done: CreateQuoteSteps.GivenACustomer("Customer H") (0.0s)&#xD;
And an item "Banana" with quantity -1 and unitary price 5&#xD;
-&gt; done: CreateQuoteSteps.GivenAnItem("Banana", -1, 5) (0.0s)&#xD;
When I try to create the quote&#xD;
-&gt; done: CreateQuoteSteps.WhenITryToCreateTheQuote() (0.0s)&#xD;
Then the HTTP status should be 400&#xD;
-&gt; error: Assert.AreEqual falhou. Esperado:&lt;400&gt;. Real:&lt;200&gt;.  (0.0s)</StdOut>
        <ErrorInfo>
          <Message>Assert.AreEqual falhou. Esperado:&lt;400&gt;. Real:&lt;200&gt;. </Message>
          <StackTrace>   at QuoteAcceptanceTests.StepDefinitions.CreateQuoteSteps.ThenTheHttpStatusShouldBe(Int32 expectedStatus) in C:\Eurofins\QualityAssuranceTakeHome\Sources\Quote.Solution\QuoteAcceptanceTests\StepDefinitions\CreateQuoteSteps.cs:line 209&#xD;
   at InvokeStub_Action`2.Invoke(Object, Span`1)&#xD;
   at System.Reflection.MethodBaseInvoker.InvokeWithFewArgs(Object obj, BindingFlags invokeAttr, Binder binder, Object[] parameters, CultureInfo culture)&#xD;
--- End of stack trace from previous location ---&#xD;
   at Reqnroll.Bindings.BindingInvoker.InvokeBindingAsync(IBinding binding, IContextManager contextManager, Object[] arguments, ITestTracer testTracer, DurationHolder durationHolder)&#xD;
   at Reqnroll.Infrastructure.TestExecutionEngine.ExecuteStepMatchAsync(BindingMatch match, Object[] arguments, DurationHolder durationHolder)&#xD;
   at Reqnroll.Infrastructure.TestExecutionEngine.ExecuteStepAsync(IContextManager contextManager, StepInstance stepInstance)&#xD;
   at Reqnroll.Infrastructure.TestExecutionEngine.OnAfterLastStepAsync()&#xD;
   at Reqnroll.TestRunner.CollectScenarioErrorsAsync()&#xD;
   at QuoteAcceptanceTests.Features.CreateQuoteFeature.ScenarioCleanupAsync()&#xD;
   at QuoteAcceptanceTests.Features.CreateQuoteFeature.RejectQuoteWithNegativeItemQuantity() in C:\Eurofins\QualityAssuranceTakeHome\Sources\Quote.Solution\QuoteAcceptanceTests\Features\CreateQuote.feature:line 92&#xD;
</StackTrace>
        </ErrorInfo>
      </Output>
    </UnitTestResult>
    <UnitTestResult executionId="2bdca7c0-ec3a-48a8-81df-36bd100ba749" testId="040ff182-9e7d-c39f-cce1-a0e767815760" testName="SuccessfullyCreateANewQuoteWithTwoItems (Customer D,Banana,3,5,Milk,2,10,35,)" computerName="NOTE-MC330" duration="00:00:00.0057877" startTime="2026-09-24T17:56:53.7737123-03:00" endTime="2026-09-24T17:56:53.7797323-03:00" testType="13cdc9d9-ddb5-4fa4-a97d-d965ccfc6d4b" outcome="Passed" testListId="8c84fa94-04c1-424b-9868-57a2d4851a1d" relativeResultsDirectory="2bdca7c0-ec3a-48a8-81df-36bd100ba749">
      <Output>
        <StdOut>Given a customer "Customer D"&#xD;
-&gt; done: CreateQuoteSteps.GivenACustomer("Customer D") (0.0s)&#xD;
And an item "Banana" with quantity 3 and unitary price 5&#xD;
-&gt; done: CreateQuoteSteps.GivenAnItem("Banana", 3, 5) (0.0s)&#xD;
And an item "Milk" with quantity 2 and unitary price 10&#xD;
-&gt; done: CreateQuoteSteps.GivenAnItem("Milk", 2, 10) (0.0s)&#xD;
When I create the quote&#xD;
-&gt; done: CreateQuoteSteps.WhenICreateTheQuote() (0.0s)&#xD;
Then the quote should contain 2 lines&#xD;
-&gt; done: CreateQuoteSteps.ThenTheQuoteShouldContainLines(2) (0.0s)&#xD;
And the total price should be 35&#xD;
-&gt; done: CreateQuoteSteps.ThenTheTotalPriceShouldBe(35) (0.0s)&#xD;
And the confirmation message should be "Quote created successfully."&#xD;
-&gt; done: CreateQuoteSteps.ThenTheConfirmationMessageShouldBe("Quote created suc...") (0.0s)&#xD;
&#xD;
&#xD;
&#xD;
TestContext Messages:&#xD;
Given a customer "Customer D"&#xD;
-&gt; done: CreateQuoteSteps.GivenACustomer("Customer D") (0.0s)&#xD;
And an item "Banana" with quantity 3 and unitary price 5&#xD;
-&gt; done: CreateQuoteSteps.GivenAnItem("Banana", 3, 5) (0.0s)&#xD;
And an item "Milk" with quantity 2 and unitary price 10&#xD;
-&gt; done: CreateQuoteSteps.GivenAnItem("Milk", 2, 10) (0.0s)&#xD;
When I create the quote&#xD;
-&gt; done: CreateQuoteSteps.WhenICreateTheQuote() (0.0s)&#xD;
Then the quote should contain 2 lines&#xD;
-&gt; done: CreateQuoteSteps.ThenTheQuoteShouldContainLines(2) (0.0s)&#xD;
And the total price should be 35&#xD;
-&gt; done: CreateQuoteSteps.ThenTheTotalPriceShouldBe(35) (0.0s)&#xD;
And the confirmation message should be "Quote created successfully."&#xD;
-&gt; done: CreateQuoteSteps.ThenTheConfirmationMessageShouldBe("Quote created suc...") (0.0s)</StdOut>
      </Output>
    </UnitTestResult>
    <UnitTestResult executionId="5b334a3c-670d-43d5-a268-5187e08a2ad0" testId="f8173a55-3d58-673c-2077-b38297107dd4" testName="RejectQuoteWithZeroItemQuantity" computerName="NOTE-MC330" duration="00:00:00.0046131" startTime="2026-09-24T17:56:53.8646222-03:00" endTime="2026-09-24T17:56:53.8693966-03:00" testType="13cdc9d9-ddb5-4fa4-a97d-d965ccfc6d4b" outcome="Failed" testListId="8c84fa94-04c1-424b-9868-57a2d4851a1d" relativeResultsDirectory="5b334a3c-670d-43d5-a268-5187e08a2ad0">
      <Output>
        <StdOut>Given a customer "Customer L"&#xD;
-&gt; done: CreateQuoteSteps.GivenACustomer("Customer L") (0.0s)&#xD;
And an item "Banana" with quantity 0 and unitary price 5&#xD;
-&gt; done: CreateQuoteSteps.GivenAnItem("Banana", 0, 5) (0.0s)&#xD;
When I try to create the quote&#xD;
-&gt; done: CreateQuoteSteps.WhenITryToCreateTheQuote() (0.0s)&#xD;
Then the HTTP status should be 400&#xD;
-&gt; error: Assert.AreEqual falhou. Esperado:&lt;400&gt;. Real:&lt;200&gt;.  (0.0s)&#xD;
&#xD;
&#xD;
&#xD;
TestContext Messages:&#xD;
Given a customer "Customer L"&#xD;
-&gt; done: CreateQuoteSteps.GivenACustomer("Customer L") (0.0s)&#xD;
And an item "Banana" with quantity 0 and unitary price 5&#xD;
-&gt; done: CreateQuoteSteps.GivenAnItem("Banana", 0, 5) (0.0s)&#xD;
When I try to create the quote&#xD;
-&gt; done: CreateQuoteSteps.WhenITryToCreateTheQuote() (0.0s)&#xD;
Then the HTTP status should be 400&#xD;
-&gt; error: Assert.AreEqual falhou. Esperado:&lt;400&gt;. Real:&lt;200&gt;.  (0.0s)</StdOut>
        <ErrorInfo>
          <Message>Assert.AreEqual falhou. Esperado:&lt;400&gt;. Real:&lt;200&gt;. </Message>
          <StackTrace>   at QuoteAcceptanceTests.StepDefinitions.CreateQuoteSteps.ThenTheHttpStatusShouldBe(Int32 expectedStatus) in C:\Eurofins\QualityAssuranceTakeHome\Sources\Quote.Solution\QuoteAcceptanceTests\StepDefinitions\CreateQuoteSteps.cs:line 209&#xD;
   at InvokeStub_Action`2.Invoke(Object, Span`1)&#xD;
   at System.Reflection.MethodBaseInvoker.InvokeWithFewArgs(Object obj, BindingFlags invokeAttr, Binder binder, Object[] parameters, CultureInfo culture)&#xD;
--- End of stack trace from previous location ---&#xD;
   at Reqnroll.Bindings.BindingInvoker.InvokeBindingAsync(IBinding binding, IContextManager contextManager, Object[] arguments, ITestTracer testTracer, DurationHolder durationHolder)&#xD;
   at Reqnroll.Infrastructure.TestExecutionEngine.ExecuteStepMatchAsync(BindingMatch match, Object[] arguments, DurationHolder durationHolder)&#xD;
   at Reqnroll.Infrastructure.TestExecutionEngine.ExecuteStepAsync(IContextManager contextManager, StepInstance stepInstance)&#xD;
   at Reqnroll.Infrastructure.TestExecutionEngine.OnAfterLastStepAsync()&#xD;
   at Reqnroll.TestRunner.CollectScenarioErrorsAsync()&#xD;
   at QuoteAcceptanceTests.Features.CreateQuoteFeature.ScenarioCleanupAsync()&#xD;
   at QuoteAcceptanceTests.Features.CreateQuoteFeature.RejectQuoteWithZeroItemQuantity() in C:\Eurofins\QualityAssuranceTakeHome\Sources\Quote.Solution\QuoteAcceptanceTests\Features\CreateQuote.feature:line 127&#xD;
</StackTrace>
        </ErrorInfo>
      </Output>
    </UnitTestResult>
    <UnitTestResult executionId="b6503452-d04e-4587-a691-269cf5dd7da0" testId="97d77096-7995-c202-2f8d-587cb23491ea" testName="CreateAQuoteWith100ItemsWithinAnAcceptableResponseTime" computerName="NOTE-MC330" duration="00:00:00.0074118" startTime="2026-09-24T17:56:53.8800026-03:00" endTime="2026-09-24T17:56:53.8924267-03:00" testType="13cdc9d9-ddb5-4fa4-a97d-d965ccfc6d4b" outcome="Passed" testListId="8c84fa94-04c1-424b-9868-57a2d4851a1d" relativeResultsDirectory="b6503452-d04e-4587-a691-269cf5dd7da0">
      <Output>
        <StdOut>Given a customer "Performance Customer"&#xD;
-&gt; done: CreateQuoteSteps.GivenACustomer("Performance Customer") (0.0s)&#xD;
And 100 valid items&#xD;
-&gt; done: CreateQuoteSteps.GivenValidItems(100) (0.0s)&#xD;
When I create the quote measuring the response time&#xD;
PERFORMANCE_API_RESPONSE_MS=2&#xD;
-&gt; done: CreateQuoteSteps.WhenICreateTheQuoteMeasuringTheResponseTime() (0.0s)&#xD;
Then the HTTP status should be 200&#xD;
-&gt; done: CreateQuoteSteps.ThenTheHttpStatusShouldBe(200) (0.0s)&#xD;
And the quote should contain 100 lines&#xD;
-&gt; done: CreateQuoteSteps.ThenTheQuoteShouldContainLines(100) (0.0s)&#xD;
And the response time should be less than 2000 milliseconds&#xD;
PERFORMANCE_THRESHOLD_MS=2000&#xD;
-&gt; done: CreateQuoteSteps.ThenTheResponseTimeShouldBeLessThanMilliseconds(2000) (0.0s)&#xD;
&#xD;
&#xD;
&#xD;
TestContext Messages:&#xD;
Given a customer "Performance Customer"&#xD;
-&gt; done: CreateQuoteSteps.GivenACustomer("Performance Customer") (0.0s)&#xD;
And 100 valid items&#xD;
-&gt; done: CreateQuoteSteps.GivenValidItems(100) (0.0s)&#xD;
When I create the quote measuring the response time&#xD;
-&gt; done: CreateQuoteSteps.WhenICreateTheQuoteMeasuringTheResponseTime() (0.0s)&#xD;
Then the HTTP status should be 200&#xD;
-&gt; done: CreateQuoteSteps.ThenTheHttpStatusShouldBe(200) (0.0s)&#xD;
And the quote should contain 100 lines&#xD;
-&gt; done: CreateQuoteSteps.ThenTheQuoteShouldContainLines(100) (0.0s)&#xD;
And the response time should be less than 2000 milliseconds&#xD;
-&gt; done: CreateQuoteSteps.ThenTheResponseTimeShouldBeLessThanMilliseconds(2000) (0.0s)</StdOut>
      </Output>
    </UnitTestResult>
    <UnitTestResult executionId="8b51e5e7-c089-42b2-90d4-3bfa5a9adae5" testId="23e032dc-c427-35f7-a19b-5f6c027dfed6" testName="RejectMalformedJSONWithoutExposingInternalServerDetails" computerName="NOTE-MC330" duration="00:00:00.0054981" startTime="2026-09-24T17:56:53.8742232-03:00" endTime="2026-09-24T17:56:53.8799231-03:00" testType="13cdc9d9-ddb5-4fa4-a97d-d965ccfc6d4b" outcome="Passed" testListId="8c84fa94-04c1-424b-9868-57a2d4851a1d" relativeResultsDirectory="8b51e5e7-c089-42b2-90d4-3bfa5a9adae5">
      <Output>
        <StdOut>When I send malformed JSON to create the quote&#xD;
-&gt; done: CreateQuoteSteps.WhenISendMalformedJsonToCreateTheQuote() (0.0s)&#xD;
Then the HTTP status should be 400&#xD;
-&gt; done: CreateQuoteSteps.ThenTheHttpStatusShouldBe(400) (0.0s)&#xD;
And the response should not contain internal exception details&#xD;
-&gt; done: CreateQuoteSteps.ThenTheResponseShouldNotContainInternalExceptionDetails() (0.0s)&#xD;
&#xD;
&#xD;
&#xD;
TestContext Messages:&#xD;
When I send malformed JSON to create the quote&#xD;
-&gt; done: CreateQuoteSteps.WhenISendMalformedJsonToCreateTheQuote() (0.0s)&#xD;
Then the HTTP status should be 400&#xD;
-&gt; done: CreateQuoteSteps.ThenTheHttpStatusShouldBe(400) (0.0s)&#xD;
And the response should not contain internal exception details&#xD;
-&gt; done: CreateQuoteSteps.ThenTheResponseShouldNotContainInternalExceptionDetails() (0.0s)</StdOut>
      </Output>
    </UnitTestResult>
  </Results>
  <TestDefinitions>
    <UnitTest name="SuccessfullyCreateANewQuoteWithTwoItems (Customer D,Banana,3,5,Milk,2,10,35,)" storage="c:\eurofins\qualityassurancetakehome\sources\quote.solution\quoteacceptancetests\bin\debug\net8.0\quoteacceptancetests.dll" id="040ff182-9e7d-c39f-cce1-a0e767815760">
      <TestCategory>
        <TestCategoryItem TestCategory="AC3" />
        <TestCategoryItem TestCategory="CreateQuote" />
      </TestCategory>
      <Execution id="2bdca7c0-ec3a-48a8-81df-36bd100ba749" />
      <TestMethod codeBase="C:\Eurofins\QualityAssuranceTakeHome\Sources\Quote.Solution\QuoteAcceptanceTests\bin\Debug\net8.0\QuoteAcceptanceTests.dll" adapterTypeName="executor://mstestadapter/v2" className="QuoteAcceptanceTests.Features.CreateQuoteFeature" name="SuccessfullyCreateANewQuoteWithTwoItems" />
    </UnitTest>
    <UnitTest name="SuccessfullyCreateANewQuoteWithOneItemWithDiscount (Customer C,Notebook,2,100,0.10,20,180,)" storage="c:\eurofins\qualityassurancetakehome\sources\quote.solution\quoteacceptancetests\bin\debug\net8.0\quoteacceptancetests.dll" id="45976fd1-d5a5-f6bb-4798-022c13b1c3e0">
      <TestCategory>
        <TestCategoryItem TestCategory="AC2" />
        <TestCategoryItem TestCategory="CreateQuote" />
      </TestCategory>
      <Execution id="e822ef5c-2c86-4881-a360-92bc46532609" />
      <TestMethod codeBase="C:\Eurofins\QualityAssuranceTakeHome\Sources\Quote.Solution\QuoteAcceptanceTests\bin\Debug\net8.0\QuoteAcceptanceTests.dll" adapterTypeName="executor://mstestadapter/v2" className="QuoteAcceptanceTests.Features.CreateQuoteFeature" name="SuccessfullyCreateANewQuoteWithOneItemWithDiscount" />
    </UnitTest>
    <UnitTest name="RejectQuoteWithEmptyCustomer" storage="c:\eurofins\qualityassurancetakehome\sources\quote.solution\quoteacceptancetests\bin\debug\net8.0\quoteacceptancetests.dll" id="f5d6b42b-4c89-1761-68dd-53a865bffc36">
      <TestCategory>
        <TestCategoryItem TestCategory="Negative" />
        <TestCategoryItem TestCategory="AC5" />
        <TestCategoryItem TestCategory="CreateQuote" />
      </TestCategory>
      <Execution id="b0a405e9-c970-44ad-8adb-551985c02e98" />
      <TestMethod codeBase="C:\Eurofins\QualityAssuranceTakeHome\Sources\Quote.Solution\QuoteAcceptanceTests\bin\Debug\net8.0\QuoteAcceptanceTests.dll" adapterTypeName="executor://mstestadapter/v2" className="QuoteAcceptanceTests.Features.CreateQuoteFeature" name="RejectQuoteWithEmptyCustomer" />
    </UnitTest>
    <UnitTest name="RejectMalformedJSONWithoutExposingInternalServerDetails" storage="c:\eurofins\qualityassurancetakehome\sources\quote.solution\quoteacceptancetests\bin\debug\net8.0\quoteacceptancetests.dll" id="23e032dc-c427-35f7-a19b-5f6c027dfed6">
      <TestCategory>
        <TestCategoryItem TestCategory="CreateQuote" />
        <TestCategoryItem TestCategory="Security" />
        <TestCategoryItem TestCategory="AC14" />
      </TestCategory>
      <Execution id="8b51e5e7-c089-42b2-90d4-3bfa5a9adae5" />
      <TestMethod codeBase="C:\Eurofins\QualityAssuranceTakeHome\Sources\Quote.Solution\QuoteAcceptanceTests\bin\Debug\net8.0\QuoteAcceptanceTests.dll" adapterTypeName="executor://mstestadapter/v2" className="QuoteAcceptanceTests.Features.CreateQuoteFeature" name="RejectMalformedJSONWithoutExposingInternalServerDetails" />
    </UnitTest>
    <UnitTest name="SuccessfullyCreateANewQuoteWithOneItem (Customer B,Milk,2,10,20,)" storage="c:\eurofins\qualityassurancetakehome\sources\quote.solution\quoteacceptancetests\bin\debug\net8.0\quoteacceptancetests.dll" id="84517ab1-9183-c601-1690-ec5bda715a0d">
      <TestCategory>
        <TestCategoryItem TestCategory="AC1" />
        <TestCategoryItem TestCategory="CreateQuote" />
      </TestCategory>
      <Execution id="6595e8a6-9213-4223-9eeb-d7c24b21e2f5" />
      <TestMethod codeBase="C:\Eurofins\QualityAssuranceTakeHome\Sources\Quote.Solution\QuoteAcceptanceTests\bin\Debug\net8.0\QuoteAcceptanceTests.dll" adapterTypeName="executor://mstestadapter/v2" className="QuoteAcceptanceTests.Features.CreateQuoteFeature" name="SuccessfullyCreateANewQuoteWithOneItem" />
    </UnitTest>
    <UnitTest name="SuccessfullyCreateAQuoteWith100PercentDiscount" storage="c:\eurofins\qualityassurancetakehome\sources\quote.solution\quoteacceptancetests\bin\debug\net8.0\quoteacceptancetests.dll" id="d3e17d0d-d4b0-0dec-d651-485a67d44be1">
      <TestCategory>
        <TestCategoryItem TestCategory="Boundary" />
        <TestCategoryItem TestCategory="CreateQuote" />
        <TestCategoryItem TestCategory="AC11" />
      </TestCategory>
      <Execution id="fe601ad5-5acf-4032-aef8-dbe9d23f2f5d" />
      <TestMethod codeBase="C:\Eurofins\QualityAssuranceTakeHome\Sources\Quote.Solution\QuoteAcceptanceTests\bin\Debug\net8.0\QuoteAcceptanceTests.dll" adapterTypeName="executor://mstestadapter/v2" className="QuoteAcceptanceTests.Features.CreateQuoteFeature" name="SuccessfullyCreateAQuoteWith100PercentDiscount" />
    </UnitTest>
    <UnitTest name="RejectQuoteWithNegativeUnitaryPrice" storage="c:\eurofins\qualityassurancetakehome\sources\quote.solution\quoteacceptancetests\bin\debug\net8.0\quoteacceptancetests.dll" id="f66610a1-9fc1-2fc2-3ba8-16e7cadc4bc6">
      <TestCategory>
        <TestCategoryItem TestCategory="Negative" />
        <TestCategoryItem TestCategory="AC9" />
        <TestCategoryItem TestCategory="CreateQuote" />
        <TestCategoryItem TestCategory="Boundary" />
      </TestCategory>
      <Execution id="44d85e34-1072-4274-95c6-64f0d6ab010a" />
      <TestMethod codeBase="C:\Eurofins\QualityAssuranceTakeHome\Sources\Quote.Solution\QuoteAcceptanceTests\bin\Debug\net8.0\QuoteAcceptanceTests.dll" adapterTypeName="executor://mstestadapter/v2" className="QuoteAcceptanceTests.Features.CreateQuoteFeature" name="RejectQuoteWithNegativeUnitaryPrice" />
    </UnitTest>
    <UnitTest name="RejectQuoteWithNegativeDiscount" storage="c:\eurofins\qualityassurancetakehome\sources\quote.solution\quoteacceptancetests\bin\debug\net8.0\quoteacceptancetests.dll" id="a5f318cb-2718-a5de-15ec-6e4b18fe3b14">
      <TestCategory>
        <TestCategoryItem TestCategory="Negative" />
        <TestCategoryItem TestCategory="CreateQuote" />
        <TestCategoryItem TestCategory="Boundary" />
        <TestCategoryItem TestCategory="AC13" />
      </TestCategory>
      <Execution id="35357c3d-da38-4158-80de-c85c6f409246" />
      <TestMethod codeBase="C:\Eurofins\QualityAssuranceTakeHome\Sources\Quote.Solution\QuoteAcceptanceTests\bin\Debug\net8.0\QuoteAcceptanceTests.dll" adapterTypeName="executor://mstestadapter/v2" className="QuoteAcceptanceTests.Features.CreateQuoteFeature" name="RejectQuoteWithNegativeDiscount" />
    </UnitTest>
    <UnitTest name="RejectQuoteWithNoItems" storage="c:\eurofins\qualityassurancetakehome\sources\quote.solution\quoteacceptancetests\bin\debug\net8.0\quoteacceptancetests.dll" id="95d200ea-3bf1-04de-8d8d-3e519febffd9">
      <TestCategory>
        <TestCategoryItem TestCategory="Negative" />
        <TestCategoryItem TestCategory="CreateQuote" />
        <TestCategoryItem TestCategory="AC6" />
      </TestCategory>
      <Execution id="28ee14c4-3bb6-4ae7-8fd6-f095d49b25cd" />
      <TestMethod codeBase="C:\Eurofins\QualityAssuranceTakeHome\Sources\Quote.Solution\QuoteAcceptanceTests\bin\Debug\net8.0\QuoteAcceptanceTests.dll" adapterTypeName="executor://mstestadapter/v2" className="QuoteAcceptanceTests.Features.CreateQuoteFeature" name="RejectQuoteWithNoItems" />
    </UnitTest>
    <UnitTest name="AbleToAccessIsAlivePageWhileTheServiceIsRunning" storage="c:\eurofins\qualityassurancetakehome\sources\quote.solution\quoteacceptancetests\bin\debug\net8.0\quoteacceptancetests.dll" id="27ad4e40-da18-2957-631d-3ff19adb554b">
      <TestCategory>
        <TestCategoryItem TestCategory="IsAlive" />
      </TestCategory>
      <Execution id="51e24818-df28-44f9-9584-a85458c3736c" />
      <TestMethod codeBase="C:\Eurofins\QualityAssuranceTakeHome\Sources\Quote.Solution\QuoteAcceptanceTests\bin\Debug\net8.0\QuoteAcceptanceTests.dll" adapterTypeName="executor://mstestadapter/v2" className="QuoteAcceptanceTests.Features.IsAliveFeatureFeature" name="AbleToAccessIsAlivePageWhileTheServiceIsRunning" />
    </UnitTest>
    <UnitTest name="RejectQuoteWithDiscountGreaterThan100Percent" storage="c:\eurofins\qualityassurancetakehome\sources\quote.solution\quoteacceptancetests\bin\debug\net8.0\quoteacceptancetests.dll" id="64a1b224-85e2-a446-e140-23058bb7f166">
      <TestCategory>
        <TestCategoryItem TestCategory="AC10" />
        <TestCategoryItem TestCategory="Negative" />
        <TestCategoryItem TestCategory="CreateQuote" />
        <TestCategoryItem TestCategory="Boundary" />
      </TestCategory>
      <Execution id="be530c95-a5f7-4bb8-baa0-bd16037a818f" />
      <TestMethod codeBase="C:\Eurofins\QualityAssuranceTakeHome\Sources\Quote.Solution\QuoteAcceptanceTests\bin\Debug\net8.0\QuoteAcceptanceTests.dll" adapterTypeName="executor://mstestadapter/v2" className="QuoteAcceptanceTests.Features.CreateQuoteFeature" name="RejectQuoteWithDiscountGreaterThan100Percent" />
    </UnitTest>
    <UnitTest name="RejectQuoteWithZeroItemQuantity" storage="c:\eurofins\qualityassurancetakehome\sources\quote.solution\quoteacceptancetests\bin\debug\net8.0\quoteacceptancetests.dll" id="f8173a55-3d58-673c-2077-b38297107dd4">
      <TestCategory>
        <TestCategoryItem TestCategory="Negative" />
        <TestCategoryItem TestCategory="CreateQuote" />
        <TestCategoryItem TestCategory="Boundary" />
        <TestCategoryItem TestCategory="AC12" />
      </TestCategory>
      <Execution id="5b334a3c-670d-43d5-a268-5187e08a2ad0" />
      <TestMethod codeBase="C:\Eurofins\QualityAssuranceTakeHome\Sources\Quote.Solution\QuoteAcceptanceTests\bin\Debug\net8.0\QuoteAcceptanceTests.dll" adapterTypeName="executor://mstestadapter/v2" className="QuoteAcceptanceTests.Features.CreateQuoteFeature" name="RejectQuoteWithZeroItemQuantity" />
    </UnitTest>
    <UnitTest name="SuccessfullyCreateANewQuoteWithOneItem (Customer A,Banana,3,5,15,)" storage="c:\eurofins\qualityassurancetakehome\sources\quote.solution\quoteacceptancetests\bin\debug\net8.0\quoteacceptancetests.dll" id="9378a571-20bd-4751-eed4-01299e277300">
      <TestCategory>
        <TestCategoryItem TestCategory="AC1" />
        <TestCategoryItem TestCategory="CreateQuote" />
      </TestCategory>
      <Execution id="c30bfb55-c03e-4f79-a3d9-098d5da4418b" />
      <TestMethod codeBase="C:\Eurofins\QualityAssuranceTakeHome\Sources\Quote.Solution\QuoteAcceptanceTests\bin\Debug\net8.0\QuoteAcceptanceTests.dll" adapterTypeName="executor://mstestadapter/v2" className="QuoteAcceptanceTests.Features.CreateQuoteFeature" name="SuccessfullyCreateANewQuoteWithOneItem" />
    </UnitTest>
    <UnitTest name="RejectQuoteWithNegativeItemQuantity" storage="c:\eurofins\qualityassurancetakehome\sources\quote.solution\quoteacceptancetests\bin\debug\net8.0\quoteacceptancetests.dll" id="0659643b-56ba-01f9-ea00-af009878998f">
      <TestCategory>
        <TestCategoryItem TestCategory="Negative" />
        <TestCategoryItem TestCategory="CreateQuote" />
        <TestCategoryItem TestCategory="Boundary" />
        <TestCategoryItem TestCategory="AC8" />
      </TestCategory>
      <Execution id="66b9fc05-4def-48a2-af30-35bccc8e60d3" />
      <TestMethod codeBase="C:\Eurofins\QualityAssuranceTakeHome\Sources\Quote.Solution\QuoteAcceptanceTests\bin\Debug\net8.0\QuoteAcceptanceTests.dll" adapterTypeName="executor://mstestadapter/v2" className="QuoteAcceptanceTests.Features.CreateQuoteFeature" name="RejectQuoteWithNegativeItemQuantity" />
    </UnitTest>
    <UnitTest name="CreateAQuoteWith100ItemsWithinAnAcceptableResponseTime" storage="c:\eurofins\qualityassurancetakehome\sources\quote.solution\quoteacceptancetests\bin\debug\net8.0\quoteacceptancetests.dll" id="97d77096-7995-c202-2f8d-587cb23491ea">
      <TestCategory>
        <TestCategoryItem TestCategory="CreateQuote" />
        <TestCategoryItem TestCategory="AC15" />
        <TestCategoryItem TestCategory="Performance" />
      </TestCategory>
      <Execution id="b6503452-d04e-4587-a691-269cf5dd7da0" />
      <TestMethod codeBase="C:\Eurofins\QualityAssuranceTakeHome\Sources\Quote.Solution\QuoteAcceptanceTests\bin\Debug\net8.0\QuoteAcceptanceTests.dll" adapterTypeName="executor://mstestadapter/v2" className="QuoteAcceptanceTests.Features.CreateQuoteFeature" name="CreateAQuoteWith100ItemsWithinAnAcceptableResponseTime" />
    </UnitTest>
    <UnitTest name="SuccessfullyCreateAQuoteWithMultipleItemsIncludingDiscount (Customer E,Notebook,2,100,0.10,Mouse,1,50,230,)" storage="c:\eurofins\qualityassurancetakehome\sources\quote.solution\quoteacceptancetests\bin\debug\net8.0\quoteacceptancetests.dll" id="e1bb1a55-1b5c-bad3-9cc9-3c65932855b5">
      <TestCategory>
        <TestCategoryItem TestCategory="AC4" />
        <TestCategoryItem TestCategory="CreateQuote" />
      </TestCategory>
      <Execution id="a2012e2b-8908-4ec7-8f87-6ef928cdacc3" />
      <TestMethod codeBase="C:\Eurofins\QualityAssuranceTakeHome\Sources\Quote.Solution\QuoteAcceptanceTests\bin\Debug\net8.0\QuoteAcceptanceTests.dll" adapterTypeName="executor://mstestadapter/v2" className="QuoteAcceptanceTests.Features.CreateQuoteFeature" name="SuccessfullyCreateAQuoteWithMultipleItemsIncludingDiscount" />
    </UnitTest>
    <UnitTest name="RejectQuoteWithEmptyItemName" storage="c:\eurofins\qualityassurancetakehome\sources\quote.solution\quoteacceptancetests\bin\debug\net8.0\quoteacceptancetests.dll" id="d06ce2b1-4175-7b37-4ffb-c55c4a562b1e">
      <TestCategory>
        <TestCategoryItem TestCategory="Negative" />
        <TestCategoryItem TestCategory="AC7" />
        <TestCategoryItem TestCategory="CreateQuote" />
      </TestCategory>
      <Execution id="42aa8a5d-72c0-44b7-99fb-09458600f1e8" />
      <TestMethod codeBase="C:\Eurofins\QualityAssuranceTakeHome\Sources\Quote.Solution\QuoteAcceptanceTests\bin\Debug\net8.0\QuoteAcceptanceTests.dll" adapterTypeName="executor://mstestadapter/v2" className="QuoteAcceptanceTests.Features.CreateQuoteFeature" name="RejectQuoteWithEmptyItemName" />
    </UnitTest>
  </TestDefinitions>
  <TestEntries>
    <TestEntry testId="95d200ea-3bf1-04de-8d8d-3e519febffd9" executionId="28ee14c4-3bb6-4ae7-8fd6-f095d49b25cd" testListId="8c84fa94-04c1-424b-9868-57a2d4851a1d" />
    <TestEntry testId="9378a571-20bd-4751-eed4-01299e277300" executionId="c30bfb55-c03e-4f79-a3d9-098d5da4418b" testListId="8c84fa94-04c1-424b-9868-57a2d4851a1d" />
    <TestEntry testId="d06ce2b1-4175-7b37-4ffb-c55c4a562b1e" executionId="42aa8a5d-72c0-44b7-99fb-09458600f1e8" testListId="8c84fa94-04c1-424b-9868-57a2d4851a1d" />
    <TestEntry testId="84517ab1-9183-c601-1690-ec5bda715a0d" executionId="6595e8a6-9213-4223-9eeb-d7c24b21e2f5" testListId="8c84fa94-04c1-424b-9868-57a2d4851a1d" />
    <TestEntry testId="27ad4e40-da18-2957-631d-3ff19adb554b" executionId="51e24818-df28-44f9-9584-a85458c3736c" testListId="8c84fa94-04c1-424b-9868-57a2d4851a1d" />
    <TestEntry testId="e1bb1a55-1b5c-bad3-9cc9-3c65932855b5" executionId="a2012e2b-8908-4ec7-8f87-6ef928cdacc3" testListId="8c84fa94-04c1-424b-9868-57a2d4851a1d" />
    <TestEntry testId="45976fd1-d5a5-f6bb-4798-022c13b1c3e0" executionId="e822ef5c-2c86-4881-a360-92bc46532609" testListId="8c84fa94-04c1-424b-9868-57a2d4851a1d" />
    <TestEntry testId="f66610a1-9fc1-2fc2-3ba8-16e7cadc4bc6" executionId="44d85e34-1072-4274-95c6-64f0d6ab010a" testListId="8c84fa94-04c1-424b-9868-57a2d4851a1d" />
    <TestEntry testId="f5d6b42b-4c89-1761-68dd-53a865bffc36" executionId="b0a405e9-c970-44ad-8adb-551985c02e98" testListId="8c84fa94-04c1-424b-9868-57a2d4851a1d" />
    <TestEntry testId="64a1b224-85e2-a446-e140-23058bb7f166" executionId="be530c95-a5f7-4bb8-baa0-bd16037a818f" testListId="8c84fa94-04c1-424b-9868-57a2d4851a1d" />
    <TestEntry testId="a5f318cb-2718-a5de-15ec-6e4b18fe3b14" executionId="35357c3d-da38-4158-80de-c85c6f409246" testListId="8c84fa94-04c1-424b-9868-57a2d4851a1d" />
    <TestEntry testId="d3e17d0d-d4b0-0dec-d651-485a67d44be1" executionId="fe601ad5-5acf-4032-aef8-dbe9d23f2f5d" testListId="8c84fa94-04c1-424b-9868-57a2d4851a1d" />
    <TestEntry testId="0659643b-56ba-01f9-ea00-af009878998f" executionId="66b9fc05-4def-48a2-af30-35bccc8e60d3" testListId="8c84fa94-04c1-424b-9868-57a2d4851a1d" />
    <TestEntry testId="040ff182-9e7d-c39f-cce1-a0e767815760" executionId="2bdca7c0-ec3a-48a8-81df-36bd100ba749" testListId="8c84fa94-04c1-424b-9868-57a2d4851a1d" />
    <TestEntry testId="f8173a55-3d58-673c-2077-b38297107dd4" executionId="5b334a3c-670d-43d5-a268-5187e08a2ad0" testListId="8c84fa94-04c1-424b-9868-57a2d4851a1d" />
    <TestEntry testId="97d77096-7995-c202-2f8d-587cb23491ea" executionId="b6503452-d04e-4587-a691-269cf5dd7da0" testListId="8c84fa94-04c1-424b-9868-57a2d4851a1d" />
    <TestEntry testId="23e032dc-c427-35f7-a19b-5f6c027dfed6" executionId="8b51e5e7-c089-42b2-90d4-3bfa5a9adae5" testListId="8c84fa94-04c1-424b-9868-57a2d4851a1d" />
  </TestEntries>
  <TestLists>
    <TestList name="Resultados que não estão em uma lista" id="8c84fa94-04c1-424b-9868-57a2d4851a1d" />
    <TestList name="Todos os resultados carregados" id="19431567-8539-422a-85d7-44ee4e166bda" />
  </TestLists>
  <ResultSummary outcome="Failed">
    <Counters total="17" executed="17" passed="11" failed="6" error="0" timeout="0" aborted="0" inconclusive="0" passedButRunAborted="0" notRunnable="0" notExecuted="0" disconnected="0" warning="0" completed="0" inProgress="0" pending="0" />
  </ResultSummary>
</TestRun>